// Jest Snapshot v1, https://goo.gl/fbAQLP

exports[`CategoryFilter Snapshot matches snapshot 1`] = `
<div
  class="category-filter "
>
  <div
    class="flex flex-wrap gap-2"
  >
    <button
      class="px-4 py-2 rounded-md text-sm font-medium transition-colors bg-blue-600 text-white"
    >
      All
    </button>
  </div>
</div>
`;

exports[`CategoryFilter Snapshot matches snapshot with different props 1`] = `
<div
  class="category-filter "
>
  <div
    class="flex flex-wrap gap-2"
  >
    <button
      class="px-4 py-2 rounded-md text-sm font-medium transition-colors bg-blue-600 text-white"
    >
      All
    </button>
  </div>
</div>
`;
