// Jest Snapshot v1, https://goo.gl/fbAQLP

exports[`CodeExampleBlock Snapshot matches snapshot 1`] = `
<div
  class="bg-white border border-gray-200 rounded-lg shadow-sm overflow-hidden"
>
  <div
    class="p-6 border-b border-gray-200"
  >
    <h3
      class="text-xl font-semibold text-gray-800 mb-2"
    >
      Example Component
    </h3>
    <p
      class="text-gray-600"
    >
      This is a test description
    </p>
  </div>
  <div
    class="flex border-b border-gray-200"
  >
    <button
      class="px-4 py-3 font-medium text-sm text-blue-600 border-b-2 border-blue-600"
    >
      <svg
        class="h-4 w-4 inline mr-2"
        fill="none"
        stroke="currentColor"
        viewBox="0 0 24 24"
        xmlns="http://www.w3.org/2000/svg"
      >
        <path
          d="M10 20l4-16m4 4l4 4-4 4M6 16l-4-4 4-4"
          stroke-linecap="round"
          stroke-linejoin="round"
          stroke-width="2"
        />
      </svg>
      Code
    </button>
    <button
      class="px-4 py-3 font-medium text-sm text-gray-600 hover:text-gray-900"
    >
      <svg
        class="h-4 w-4 inline mr-2"
        fill="none"
        stroke="currentColor"
        viewBox="0 0 24 24"
        xmlns="http://www.w3.org/2000/svg"
      >
        <path
          d="M15 12a3 3 0 11-6 0 3 3 0 016 0z"
          stroke-linecap="round"
          stroke-linejoin="round"
          stroke-width="2"
        />
        <path
          d="M2.458 12C3.732 7.943 7.523 5 12 5c4.478 0 8.268 2.943 9.542 7-1.274 4.057-5.064 7-9.542 7-4.477 0-8.268-2.943-9.542-7z"
          stroke-linecap="round"
          stroke-linejoin="round"
          stroke-width="2"
        />
      </svg>
      Live Preview
    </button>
  </div>
  <div
    class="relative"
  >
    <div
      class="flex items-center justify-between bg-gray-800 text-gray-300 text-xs px-4 py-2"
    >
      <span
        class="font-mono"
      >
        javascript
      </span>
      <button
        class="inline-flex items-center px-2 py-1 text-xs font-medium rounded-md transition-colors bg-gray-100 text-gray-700 hover:bg-gray-200 border border-gray-200 text-gray-300 hover:text-white bg-transparent border-none hover:bg-gray-700"
        title="Copy code to clipboard"
        type="button"
      >
        <svg
          class="h-3 w-3 mr-1"
          fill="none"
          stroke="currentColor"
          viewBox="0 0 24 24"
        >
          <path
            d="M8 5H6a2 2 0 00-2 2v12a2 2 0 002 2h10a2 2 0 002-2v-1M8 5a2 2 0 002 2h2a2 2 0 002-2M8 5a2 2 0 012-2h2a2 2 0 012 2m0 0h2a2 2 0 012 2v3m2 4H10m0 0l3-3m-3 3l3 3"
            stroke-linecap="round"
            stroke-linejoin="round"
            stroke-width="2"
          />
        </svg>
        <span>
          Copy
        </span>
      </button>
    </div>
    <pre
      customstyle="[object Object]"
    >
      <code
        class="language-javascript"
        role="code"
      >
        console.log("Hello World");
      </code>
    </pre>
  </div>
</div>
`;

exports[`CodeExampleBlock Snapshot matches snapshot with different props 1`] = `
<div
  class="bg-white border border-gray-200 rounded-lg shadow-sm overflow-hidden"
>
  <div
    class="p-6 border-b border-gray-200"
  >
    <h3
      class="text-xl font-semibold text-gray-800 mb-2"
    >
      Example Component
    </h3>
    <p
      class="text-gray-600"
    >
      This is a test description
    </p>
  </div>
  <div
    class="flex border-b border-gray-200"
  >
    <button
      class="px-4 py-3 font-medium text-sm text-blue-600 border-b-2 border-blue-600"
    >
      <svg
        class="h-4 w-4 inline mr-2"
        fill="none"
        stroke="currentColor"
        viewBox="0 0 24 24"
        xmlns="http://www.w3.org/2000/svg"
      >
        <path
          d="M10 20l4-16m4 4l4 4-4 4M6 16l-4-4 4-4"
          stroke-linecap="round"
          stroke-linejoin="round"
          stroke-width="2"
        />
      </svg>
      Code
    </button>
    <button
      class="px-4 py-3 font-medium text-sm text-gray-600 hover:text-gray-900"
    >
      <svg
        class="h-4 w-4 inline mr-2"
        fill="none"
        stroke="currentColor"
        viewBox="0 0 24 24"
        xmlns="http://www.w3.org/2000/svg"
      >
        <path
          d="M15 12a3 3 0 11-6 0 3 3 0 016 0z"
          stroke-linecap="round"
          stroke-linejoin="round"
          stroke-width="2"
        />
        <path
          d="M2.458 12C3.732 7.943 7.523 5 12 5c4.478 0 8.268 2.943 9.542 7-1.274 4.057-5.064 7-9.542 7-4.477 0-8.268-2.943-9.542-7z"
          stroke-linecap="round"
          stroke-linejoin="round"
          stroke-width="2"
        />
      </svg>
      Live Preview
    </button>
  </div>
  <div
    class="relative"
  >
    <div
      class="flex items-center justify-between bg-gray-800 text-gray-300 text-xs px-4 py-2"
    >
      <span
        class="font-mono"
      >
        javascript
      </span>
      <button
        class="inline-flex items-center px-2 py-1 text-xs font-medium rounded-md transition-colors bg-gray-100 text-gray-700 hover:bg-gray-200 border border-gray-200 text-gray-300 hover:text-white bg-transparent border-none hover:bg-gray-700"
        title="Copy code to clipboard"
        type="button"
      >
        <svg
          class="h-3 w-3 mr-1"
          fill="none"
          stroke="currentColor"
          viewBox="0 0 24 24"
        >
          <path
            d="M8 5H6a2 2 0 00-2 2v12a2 2 0 002 2h10a2 2 0 002-2v-1M8 5a2 2 0 002 2h2a2 2 0 002-2M8 5a2 2 0 012-2h2a2 2 0 012 2m0 0h2a2 2 0 012 2v3m2 4H10m0 0l3-3m-3 3l3 3"
            stroke-linecap="round"
            stroke-linejoin="round"
            stroke-width="2"
          />
        </svg>
        <span>
          Copy
        </span>
      </button>
    </div>
    <pre
      customstyle="[object Object]"
    >
      <code
        class="language-javascript"
        role="code"
      >
        console.log("Hello World");
      </code>
    </pre>
  </div>
</div>
`;
