// Jest Snapshot v1, https://goo.gl/fbAQLP

exports[`ScrollToTop Snapshot matches snapshot 1`] = `
<button
  animate="[object Object]"
  aria-label="Scroll to top"
  class="fixed z-50 p-3 rounded-full bg-indigo-600 text-white shadow-lg hover:bg-indigo-700 focus:outline-none focus:ring-2 focus:ring-indigo-500 focus:ring-offset-2"
  exit="[object Object]"
  initial="[object Object]"
  style="bottom: 42px; right: 42px;"
  transition="[object Object]"
>
  <svg
    fill="none"
    height="24"
    stroke="currentColor"
    stroke-linecap="round"
    stroke-linejoin="round"
    stroke-width="2"
    viewBox="0 0 24 24"
    width="24"
    xmlns="http://www.w3.org/2000/svg"
  >
    <path
      d="m18 15-6-6-6 6"
    />
  </svg>
</button>
`;

exports[`ScrollToTop Snapshot matches snapshot with different props 1`] = `
<button
  animate="[object Object]"
  aria-label="Scroll to top"
  class="fixed z-50 p-3 rounded-full bg-indigo-600 text-white shadow-lg hover:bg-indigo-700 focus:outline-none focus:ring-2 focus:ring-indigo-500 focus:ring-offset-2"
  exit="[object Object]"
  initial="[object Object]"
  style="bottom: 42px; right: 42px;"
  transition="[object Object]"
>
  <svg
    fill="none"
    height="24"
    stroke="currentColor"
    stroke-linecap="round"
    stroke-linejoin="round"
    stroke-width="2"
    viewBox="0 0 24 24"
    width="24"
    xmlns="http://www.w3.org/2000/svg"
  >
    <path
      d="m18 15-6-6-6 6"
    />
  </svg>
</button>
`;
