// Jest Snapshot v1, https://goo.gl/fbAQLP

exports[`AdaptiveDashboardDemo Snapshot matches snapshot 1`] = `
<div
  class="max-w-2xl mx-auto bg-white rounded-lg shadow-lg overflow-hidden"
>
  <div
    class="bg-gradient-to-r from-blue-500 to-purple-600 text-white p-6"
  >
    <h2
      class="text-2xl font-bold mb-2"
    >
      Adaptive Interface Demo
    </h2>
    <p
      class="text-blue-100"
    >
      Click on the items below and watch how the interface learns from your usage patterns
    </p>
  </div>
  <div
    class="p-4 bg-gray-50 border-b flex justify-between items-center"
  >
    <div
      class="flex items-center space-x-4"
    >
      <span
        class="text-sm text-gray-600"
      >
        Total clicks: 
        <strong>
          0
        </strong>
      </span>
    </div>
    <div
      class="flex items-center space-x-4"
    >
      <label
        class="flex items-center cursor-pointer"
      >
        <span
          class="text-sm text-gray-600 mr-2"
        >
          Adaptive Mode
        </span>
        <div
          class="relative"
        >
          <input
            checked=""
            class="sr-only"
            type="checkbox"
          />
          <div
            class="w-10 h-6 rounded-full transition-colors bg-blue-500"
          />
          <div
            class="absolute top-1 left-1 w-4 h-4 bg-white rounded-full transition-transform transform translate-x-4"
          />
        </div>
      </label>
      <button
        class="px-3 py-1 text-sm text-gray-600 hover:text-gray-800 border border-gray-300 rounded hover:bg-gray-100 transition-colors"
      >
        Reset Demo
      </button>
    </div>
  </div>
  <div
    class="p-6"
  >
    <div
      class="grid grid-cols-2 md:grid-cols-3 gap-4"
    >
      <button
        animate="[object Object]"
        class="bg-blue-100 text-blue-800 p-6 rounded-lg text-center hover:shadow-md transition-all duration-200 transform hover:scale-105 relative group"
        initial="[object Object]"
        transition="[object Object]"
      >
        <div
          animate="[object Object]"
          class="absolute top-2 left-2 bg-white bg-opacity-80 text-gray-700 text-xs px-2 py-1 rounded font-medium"
          initial="[object Object]"
        >
          #
          1
        </div>
        <div
          class="text-3xl mb-2"
        >
          💬
        </div>
        <div
          class="font-medium"
        >
          Messages
        </div>
        <div
          class="text-xs opacity-70 mt-1 group-hover:opacity-100 transition-opacity"
        >
          Click me!
        </div>
      </button>
      <button
        animate="[object Object]"
        class="bg-green-100 text-green-800 p-6 rounded-lg text-center hover:shadow-md transition-all duration-200 transform hover:scale-105 relative group"
        initial="[object Object]"
        transition="[object Object]"
      >
        <div
          animate="[object Object]"
          class="absolute top-2 left-2 bg-white bg-opacity-80 text-gray-700 text-xs px-2 py-1 rounded font-medium"
          initial="[object Object]"
        >
          #
          2
        </div>
        <div
          class="text-3xl mb-2"
        >
          📅
        </div>
        <div
          class="font-medium"
        >
          Calendar
        </div>
        <div
          class="text-xs opacity-70 mt-1 group-hover:opacity-100 transition-opacity"
        >
          Click me!
        </div>
      </button>
      <button
        animate="[object Object]"
        class="bg-purple-100 text-purple-800 p-6 rounded-lg text-center hover:shadow-md transition-all duration-200 transform hover:scale-105 relative group"
        initial="[object Object]"
        transition="[object Object]"
      >
        <div
          animate="[object Object]"
          class="absolute top-2 left-2 bg-white bg-opacity-80 text-gray-700 text-xs px-2 py-1 rounded font-medium"
          initial="[object Object]"
        >
          #
          3
        </div>
        <div
          class="text-3xl mb-2"
        >
          ✅
        </div>
        <div
          class="font-medium"
        >
          Tasks
        </div>
        <div
          class="text-xs opacity-70 mt-1 group-hover:opacity-100 transition-opacity"
        >
          Click me!
        </div>
      </button>
      <button
        animate="[object Object]"
        class="bg-orange-100 text-orange-800 p-6 rounded-lg text-center hover:shadow-md transition-all duration-200 transform hover:scale-105 relative group"
        initial="[object Object]"
        transition="[object Object]"
      >
        <div
          animate="[object Object]"
          class="absolute top-2 left-2 bg-white bg-opacity-80 text-gray-700 text-xs px-2 py-1 rounded font-medium"
          initial="[object Object]"
        >
          #
          4
        </div>
        <div
          class="text-3xl mb-2"
        >
          📁
        </div>
        <div
          class="font-medium"
        >
          Files
        </div>
        <div
          class="text-xs opacity-70 mt-1 group-hover:opacity-100 transition-opacity"
        >
          Click me!
        </div>
      </button>
      <button
        animate="[object Object]"
        class="bg-gray-100 text-gray-800 p-6 rounded-lg text-center hover:shadow-md transition-all duration-200 transform hover:scale-105 relative group"
        initial="[object Object]"
        transition="[object Object]"
      >
        <div
          animate="[object Object]"
          class="absolute top-2 left-2 bg-white bg-opacity-80 text-gray-700 text-xs px-2 py-1 rounded font-medium"
          initial="[object Object]"
        >
          #
          5
        </div>
        <div
          class="text-3xl mb-2"
        >
          ⚙️
        </div>
        <div
          class="font-medium"
        >
          Settings
        </div>
        <div
          class="text-xs opacity-70 mt-1 group-hover:opacity-100 transition-opacity"
        >
          Click me!
        </div>
      </button>
    </div>
  </div>
  <div
    class="p-6 bg-blue-50 border-t"
  >
    <h3
      class="font-semibold text-gray-800 mb-3"
    >
      💡 How it works:
    </h3>
    <div
      class="space-y-2 text-sm text-gray-700"
    >
      <div
        class="flex items-start space-x-2"
      >
        <span
          class="text-blue-500 font-bold"
        >
          1.
        </span>
        <span>
          Click on different items to simulate usage
        </span>
      </div>
      <div
        class="flex items-start space-x-2"
      >
        <span
          class="text-blue-500 font-bold"
        >
          2.
        </span>
        <span>
          The interface automatically reorders items based on frequency of use
        </span>
      </div>
      <div
        class="flex items-start space-x-2"
      >
        <span
          class="text-blue-500 font-bold"
        >
          3.
        </span>
        <span>
          Most used items move to the top for easier access
        </span>
      </div>
      <div
        class="flex items-start space-x-2"
      >
        <span
          class="text-blue-500 font-bold"
        >
          4.
        </span>
        <span>
          Toggle "Adaptive Mode" to see the difference with/without learning
        </span>
      </div>
    </div>
    <div
      class="mt-4 p-3 bg-white rounded border-l-4 border-blue-400"
    >
      <p
        class="text-xs text-gray-600"
      >
        <strong>
          Real-world applications:
        </strong>
         Navigation menus, tool palettes, feature lists, app shortcuts, and any interface where usage patterns can improve user efficiency.
      </p>
    </div>
  </div>
</div>
`;

exports[`AdaptiveDashboardDemo Snapshot matches snapshot with different props 1`] = `
<div
  class="max-w-2xl mx-auto bg-white rounded-lg shadow-lg overflow-hidden"
>
  <div
    class="bg-gradient-to-r from-blue-500 to-purple-600 text-white p-6"
  >
    <h2
      class="text-2xl font-bold mb-2"
    >
      Adaptive Interface Demo
    </h2>
    <p
      class="text-blue-100"
    >
      Click on the items below and watch how the interface learns from your usage patterns
    </p>
  </div>
  <div
    class="p-4 bg-gray-50 border-b flex justify-between items-center"
  >
    <div
      class="flex items-center space-x-4"
    >
      <span
        class="text-sm text-gray-600"
      >
        Total clicks: 
        <strong>
          0
        </strong>
      </span>
    </div>
    <div
      class="flex items-center space-x-4"
    >
      <label
        class="flex items-center cursor-pointer"
      >
        <span
          class="text-sm text-gray-600 mr-2"
        >
          Adaptive Mode
        </span>
        <div
          class="relative"
        >
          <input
            checked=""
            class="sr-only"
            type="checkbox"
          />
          <div
            class="w-10 h-6 rounded-full transition-colors bg-blue-500"
          />
          <div
            class="absolute top-1 left-1 w-4 h-4 bg-white rounded-full transition-transform transform translate-x-4"
          />
        </div>
      </label>
      <button
        class="px-3 py-1 text-sm text-gray-600 hover:text-gray-800 border border-gray-300 rounded hover:bg-gray-100 transition-colors"
      >
        Reset Demo
      </button>
    </div>
  </div>
  <div
    class="p-6"
  >
    <div
      class="grid grid-cols-2 md:grid-cols-3 gap-4"
    >
      <button
        animate="[object Object]"
        class="bg-blue-100 text-blue-800 p-6 rounded-lg text-center hover:shadow-md transition-all duration-200 transform hover:scale-105 relative group"
        initial="[object Object]"
        transition="[object Object]"
      >
        <div
          animate="[object Object]"
          class="absolute top-2 left-2 bg-white bg-opacity-80 text-gray-700 text-xs px-2 py-1 rounded font-medium"
          initial="[object Object]"
        >
          #
          1
        </div>
        <div
          class="text-3xl mb-2"
        >
          💬
        </div>
        <div
          class="font-medium"
        >
          Messages
        </div>
        <div
          class="text-xs opacity-70 mt-1 group-hover:opacity-100 transition-opacity"
        >
          Click me!
        </div>
      </button>
      <button
        animate="[object Object]"
        class="bg-green-100 text-green-800 p-6 rounded-lg text-center hover:shadow-md transition-all duration-200 transform hover:scale-105 relative group"
        initial="[object Object]"
        transition="[object Object]"
      >
        <div
          animate="[object Object]"
          class="absolute top-2 left-2 bg-white bg-opacity-80 text-gray-700 text-xs px-2 py-1 rounded font-medium"
          initial="[object Object]"
        >
          #
          2
        </div>
        <div
          class="text-3xl mb-2"
        >
          📅
        </div>
        <div
          class="font-medium"
        >
          Calendar
        </div>
        <div
          class="text-xs opacity-70 mt-1 group-hover:opacity-100 transition-opacity"
        >
          Click me!
        </div>
      </button>
      <button
        animate="[object Object]"
        class="bg-purple-100 text-purple-800 p-6 rounded-lg text-center hover:shadow-md transition-all duration-200 transform hover:scale-105 relative group"
        initial="[object Object]"
        transition="[object Object]"
      >
        <div
          animate="[object Object]"
          class="absolute top-2 left-2 bg-white bg-opacity-80 text-gray-700 text-xs px-2 py-1 rounded font-medium"
          initial="[object Object]"
        >
          #
          3
        </div>
        <div
          class="text-3xl mb-2"
        >
          ✅
        </div>
        <div
          class="font-medium"
        >
          Tasks
        </div>
        <div
          class="text-xs opacity-70 mt-1 group-hover:opacity-100 transition-opacity"
        >
          Click me!
        </div>
      </button>
      <button
        animate="[object Object]"
        class="bg-orange-100 text-orange-800 p-6 rounded-lg text-center hover:shadow-md transition-all duration-200 transform hover:scale-105 relative group"
        initial="[object Object]"
        transition="[object Object]"
      >
        <div
          animate="[object Object]"
          class="absolute top-2 left-2 bg-white bg-opacity-80 text-gray-700 text-xs px-2 py-1 rounded font-medium"
          initial="[object Object]"
        >
          #
          4
        </div>
        <div
          class="text-3xl mb-2"
        >
          📁
        </div>
        <div
          class="font-medium"
        >
          Files
        </div>
        <div
          class="text-xs opacity-70 mt-1 group-hover:opacity-100 transition-opacity"
        >
          Click me!
        </div>
      </button>
      <button
        animate="[object Object]"
        class="bg-gray-100 text-gray-800 p-6 rounded-lg text-center hover:shadow-md transition-all duration-200 transform hover:scale-105 relative group"
        initial="[object Object]"
        transition="[object Object]"
      >
        <div
          animate="[object Object]"
          class="absolute top-2 left-2 bg-white bg-opacity-80 text-gray-700 text-xs px-2 py-1 rounded font-medium"
          initial="[object Object]"
        >
          #
          5
        </div>
        <div
          class="text-3xl mb-2"
        >
          ⚙️
        </div>
        <div
          class="font-medium"
        >
          Settings
        </div>
        <div
          class="text-xs opacity-70 mt-1 group-hover:opacity-100 transition-opacity"
        >
          Click me!
        </div>
      </button>
    </div>
  </div>
  <div
    class="p-6 bg-blue-50 border-t"
  >
    <h3
      class="font-semibold text-gray-800 mb-3"
    >
      💡 How it works:
    </h3>
    <div
      class="space-y-2 text-sm text-gray-700"
    >
      <div
        class="flex items-start space-x-2"
      >
        <span
          class="text-blue-500 font-bold"
        >
          1.
        </span>
        <span>
          Click on different items to simulate usage
        </span>
      </div>
      <div
        class="flex items-start space-x-2"
      >
        <span
          class="text-blue-500 font-bold"
        >
          2.
        </span>
        <span>
          The interface automatically reorders items based on frequency of use
        </span>
      </div>
      <div
        class="flex items-start space-x-2"
      >
        <span
          class="text-blue-500 font-bold"
        >
          3.
        </span>
        <span>
          Most used items move to the top for easier access
        </span>
      </div>
      <div
        class="flex items-start space-x-2"
      >
        <span
          class="text-blue-500 font-bold"
        >
          4.
        </span>
        <span>
          Toggle "Adaptive Mode" to see the difference with/without learning
        </span>
      </div>
    </div>
    <div
      class="mt-4 p-3 bg-white rounded border-l-4 border-blue-400"
    >
      <p
        class="text-xs text-gray-600"
      >
        <strong>
          Real-world applications:
        </strong>
         Navigation menus, tool palettes, feature lists, app shortcuts, and any interface where usage patterns can improve user efficiency.
      </p>
    </div>
  </div>
</div>
`;
