// Jest Snapshot v1, https://goo.gl/fbAQLP

exports[`ProgressiveDisclosureDemo Snapshot matches snapshot 1`] = `
<div
  class="bg-white border border-gray-200 rounded-lg p-6 shadow-sm min-h-[180px] mb-8"
>
  <h4
    class="text-lg font-semibold text-gray-800 mb-2"
  >
    Email Summarizer
  </h4>
  <div
    class="mb-4"
  >
    <div
      class="mb-1 text-xs text-gray-500"
    >
      From: 
      Alex Johnson &lt;alex@company.com&gt;
    </div>
    <div
      class="font-medium text-gray-900"
    >
      Project Update: Q2 Roadmap
    </div>
    <div
      class="text-gray-700 mt-2 line-clamp-3"
    >
      Hi team, I wanted to share a quick update on our Q2 roadmap. We have a few key milestones coming up...
    </div>
  </div>
  <button
    animate="[object Object]"
    class="px-5 py-2 bg-gradient-to-r from-pink-500/10 to-violet-500/10 text-gray-900 rounded-full border border-gray-200 font-medium hover:from-pink-500/20 hover:to-violet-500/20 transition-colors"
    exit="[object Object]"
    initial="[object Object]"
    transition="[object Object]"
  >
    Show AI Summary
  </button>
  <div
    class="flex justify-center mt-6"
  >
    <div
      class="text-xs text-gray-500 text-center"
    >
      <span
        class="font-medium"
      >
        Progressive Disclosure:
      </span>
       AI-powered insights and actions are revealed step by step, only when you request them.
    </div>
  </div>
</div>
`;

exports[`ProgressiveDisclosureDemo Snapshot matches snapshot with different props 1`] = `
<div
  class="bg-white border border-gray-200 rounded-lg p-6 shadow-sm min-h-[180px] mb-2"
>
  <h4
    class="text-lg font-semibold text-gray-800 mb-2"
  >
    Chatbot with Expanding Options
  </h4>
  <div
    class="mb-4"
  >
    <label
      class="block text-sm text-gray-700 mb-1"
    >
      Ask the AI a question:
    </label>
    <input
      class="w-full px-3 py-2 border rounded focus:ring-2 focus:ring-violet-500 focus:border-violet-500"
      placeholder="e.g. What are the Q2 milestones?"
      type="text"
      value=""
    />
  </div>
  <button
    class="mt-2 px-5 py-2 bg-gradient-to-r from-pink-500/10 to-violet-500/10 text-gray-900 rounded-full border border-gray-200 font-medium hover:from-pink-500/20 hover:to-violet-500/20 transition-colors"
    disabled=""
  >
    Ask AI
  </button>
  <div
    class="flex justify-center mt-6"
  >
    <div
      class="text-xs text-gray-500 text-center"
    >
      <span
        class="font-medium"
      >
        Progressive Disclosure:
      </span>
       The chatbot reveals more options and explanations only when you request them.
    </div>
  </div>
</div>
`;
